// Vitest Snapshot v1, https://vitest.dev/guide/snapshot.html

exports[`AdCP task registry completeness > registry task names match expected set 1`] = `
[
  "accept_proposal",
  "acquire_rights",
  "activate_signal",
  "build_creative",
  "buy_products",
  "calibrate_content",
  "control_media_buy",
  "create_collection_list",
  "create_content_standards",
  "create_media_buy",
  "create_property_list",
  "decline_proposals",
  "delete_collection_list",
  "delete_property_list",
  "get_brand_identity",
  "get_collection_list",
  "get_content_standards",
  "get_creative_delivery",
  "get_media_buy_artifacts",
  "get_media_buy_delivery",
  "get_media_buys",
  "get_products",
  "get_property_list",
  "get_rights",
  "get_signals",
  "list_collection_lists",
  "list_content_standards",
  "list_creative_formats",
  "list_creatives",
  "list_products",
  "list_property_lists",
  "preview_creative",
  "provide_performance_feedback",
  "refine_proposals",
  "request_proposals",
  "si_get_offering",
  "si_initiate_session",
  "si_send_message",
  "si_terminate_session",
  "sync_catalogs",
  "sync_creatives",
  "update_collection_list",
  "update_content_standards",
  "update_media_buy",
  "update_property_list",
  "update_rights",
  "validate_content_delivery",
]
`;
